[ophysics.com/index.html]
[ajax.googleapis.com/ajax/libs/jquery/1.9.1/jquery.min.js]
[ophysics.com/js/main.js]
[backblue.gif]
[fade.gif]
[index.html]
[ophysics.com/index-2.html]
[ophysics.com/k.html]
[ophysics.com/k1.html]
[ophysics.com/k2.html]
[ophysics.com/k3.html]
[ophysics.com/k3b.html]
[ophysics.com/k4.html]
[ophysics.com/k4b.html]
[ophysics.com/k5.html]
[ophysics.com/k5a.html]
[ophysics.com/k6.html]
[ophysics.com/k7.html]
[ophysics.com/k8.html]
[ophysics.com/k9.html]
[ophysics.com/k10.html]
[ophysics.com/k11.html]
[ophysics.com/f.html]
[ophysics.com/f1.html]
[ophysics.com/f2.html]
[ophysics.com/f3.html]
[ophysics.com/f3a.html]
[ophysics.com/f4.html]
[ophysics.com/f5.html]
[ophysics.com/f6.html]
[ophysics.com/e.html]
[ophysics.com/e1.html]
[ophysics.com/e2.html]
[ophysics.com/e2a.html]
[ophysics.com/e3.html]
[ophysics.com/e4.html]
[ophysics.com/e5.html]
[ophysics.com/e6.html]
[ophysics.com/w.html]
[ophysics.com/w0.html]
[ophysics.com/w1.html]
[ophysics.com/w1a.html]
[ophysics.com/w1b.html]
[ophysics.com/waves1.html]
[ophysics.com/waves2.html]
[ophysics.com/waves2b.html]
[ophysics.com/waves3.html]
[ophysics.com/waves3a.html]
[ophysics.com/waves3b.html]
[ophysics.com/waves4.html]
[ophysics.com/waves5.html]
[ophysics.com/waves6.html]
[ophysics.com/waves7.html]
[ophysics.com/waves8.html]
[ophysics.com/waves8b.html]
[ophysics.com/waves9.html]
[ophysics.com/waves10.html]
[ophysics.com/waves11.html]
[ophysics.com/w2.html]
[ophysics.com/w2a.html]
[ophysics.com/w2b.html]
[ophysics.com/w3.html]
[ophysics.com/w4.html]
[ophysics.com/w4a.html]
[ophysics.com/w5.html]
[ophysics.com/w6.html]
[ophysics.com/w7.html]
[ophysics.com/w8.html]
[ophysics.com/w9.html]
[ophysics.com/w10.html]
[ophysics.com/w10b.html]
[ophysics.com/w11.html]
[ophysics.com/w12.html]
[ophysics.com/w13.html]
[ophysics.com/l.html]
[ophysics.com/l1.html]
[ophysics.com/l2.html]
[ophysics.com/l3.html]
[ophysics.com/l4.html]
[ophysics.com/l5.html]
[ophysics.com/l5b.html]
[ophysics.com/l6.html]
[ophysics.com/l7.html]
[ophysics.com/l8.html]
[ophysics.com/l9.html]
[ophysics.com/l10.html]
[ophysics.com/l11.html]
[ophysics.com/l12.html]
[ophysics.com/l13.html]
[ophysics.com/l14.html]
[ophysics.com/l15.html]
[ophysics.com/l15b.html]
[ophysics.com/l16.html]
[ophysics.com/l17.html]
[ophysics.com/l18.html]
[ophysics.com/l19.html]
[ophysics.com/l20.html]
[ophysics.com/em.html]
[ophysics.com/em1.html]
[ophysics.com/em1a.html]
[ophysics.com/em2.html]
[ophysics.com/em2a.html]
[ophysics.com/em3.html]
[ophysics.com/em4.html]
[ophysics.com/em4a.html]
[ophysics.com/em5.html]
[ophysics.com/em6.html]
[ophysics.com/em7.html]
[ophysics.com/em8.html]
[ophysics.com/em9.html]
[ophysics.com/em10.html]
[ophysics.com/em11.html]
[ophysics.com/r.html]
[ophysics.com/r1a.html]
[ophysics.com/r1.html]
[ophysics.com/r2.html]
[ophysics.com/r3.html]
[ophysics.com/r4.html]
[ophysics.com/r5.html]
[ophysics.com/r6.html]
[ophysics.com/r7.html]
[ophysics.com/r8.html]
[ophysics.com/r9.html]
[ophysics.com/r9a.html]
[ophysics.com/r10.html]
[ophysics.com/r11.html]
[ophysics.com/r12.html]
[ophysics.com/fl.html]
[ophysics.com/fl1.html]
[ophysics.com/fl2.html]
[ophysics.com/fl3.html]
[ophysics.com/fl4.html]
[ophysics.com/fl5.html]
[ophysics.com/m.html]
[ophysics.com/m1.html]
[ophysics.com/m2.html]
[ophysics.com/t.html]
[ophysics.com/t1.html]
[ophysics.com/t2.html]
[ophysics.com/t3.html]
[ophysics.com/t4.html]
[ophysics.com/fs.html]
[ophysics.com/fs1.html]
[ophysics.com/fs2.html]
[ophysics.com/fs3.html]
[ophysics.com/fs4.html]
[ophysics.com/fs5.html]
[ophysics.com/fs6.html]
[ophysics.com/fs7.html]
[ophysics.com/fs8.html]
[ophysics.com/fs8a.html]
[ophysics.com/fs9.html]
[ophysics.com/fs10.html]
[ophysics.com/fs11.html]
[douwe.com/projects/visited/worldc784.png]
[douwe.com/projects/visited/usabbd6.png]
[ophysics.com/index.html]
[ophysics.com/index-2.html]
[ophysics.com/images/thumbs/k1thumb.jpg]
[ophysics.com/images/thumbs/k2thumb.jpg]
[ophysics.com/images/thumbs/k3thumb.jpg]
[ophysics.com/images/thumbs/k3bthumb.jpg]
[ophysics.com/images/thumbs/k4thumb.jpg]
[ophysics.com/images/thumbs/k4bthumb.jpg]
[ophysics.com/images/thumbs/k5thumb.jpg]
[ophysics.com/images/thumbs/k5athumb.jpg]
[ophysics.com/images/thumbs/k6thumb.jpg]
[ophysics.com/images/thumbs/k7thumb.jpg]
[ophysics.com/images/thumbs/k8thumb.jpg]
[ophysics.com/images/thumbs/k9thumb.jpg]
[ophysics.com/images/thumbs/k10thumb.jpg]
[ophysics.com/images/thumbs/k11thumb.jpg]
[ophysics.com/k.html]
[ophysics.com/k1.html]
[ophysics.com/k2.html]
[ophysics.com/k3.html]
[ophysics.com/k3b.html]
[ophysics.com/k4.html]
[ophysics.com/k4b.html]
[ophysics.com/k5.html]
[ophysics.com/k5a.html]
[ophysics.com/k6.html]
[ophysics.com/k7.html]
[ophysics.com/k8.html]
[ophysics.com/k9.html]
[ophysics.com/k10.html]
[ophysics.com/k11.html]
[ophysics.com/images/thumbs/f1thumb.jpg]
[ophysics.com/images/thumbs/f2thumb.jpg]
[ophysics.com/images/thumbs/f3thumb.jpg]
[ophysics.com/images/thumbs/f3athumb.jpg]
[ophysics.com/images/thumbs/f4thumb.jpg]
[ophysics.com/images/thumbs/f5thumb2.jpg]
[ophysics.com/images/thumbs/f6thumb.jpg]
[ophysics.com/f.html]
[ophysics.com/f1.html]
[ophysics.com/f2.html]
[ophysics.com/f3.html]
[ophysics.com/f3a.html]
[ophysics.com/f4.html]
[ophysics.com/f5.html]
[ophysics.com/f6.html]
[ophysics.com/images/thumbs/e1thumb.jpg]
[ophysics.com/images/thumbs/e2thumb.jpg]
[ophysics.com/images/thumbs/e2athumb.jpg]
[ophysics.com/images/thumbs/e3thumb.jpg]
[ophysics.com/images/thumbs/e4thumb.jpg]
[ophysics.com/images/thumbs/e5thumb.jpg]
[ophysics.com/images/thumbs/e6thumb.jpg]
[ophysics.com/e.html]
[ophysics.com/e1.html]
[ophysics.com/e2.html]
[ophysics.com/e2a.html]
[ophysics.com/e3.html]
[ophysics.com/e4.html]
[ophysics.com/e5.html]
[ophysics.com/e6.html]
[ophysics.com/images/thumbs/w0thumb.jpg]
[ophysics.com/images/thumbs/w1thumb.jpg]
[ophysics.com/images/thumbs/w1athumb.jpg]
[ophysics.com/images/thumbs/w1bthumb.jpg]
[ophysics.com/images/onespring.gif]
[ophysics.com/images/thumbs/w2thumb.jpg]
[ophysics.com/images/thumbs/w2athumb.jpg]
[ophysics.com/images/thumbs/w2bthumb.jpg]
[ophysics.com/images/thumbs/w3thumb.jpg]
[ophysics.com/images/thumbs/w4thumb.jpg]
[ophysics.com/images/thumbs/w4athumb.jpg]
[ophysics.com/images/thumbs/w5thumb.jpg]
[ophysics.com/images/thumbs/w6thumb.jpg]
[ophysics.com/images/thumbs/w7thumb.jpg]
[ophysics.com/images/thumbs/w8thumb.jpg]
[ophysics.com/images/thumbs/w9thumb.jpg]
[ophysics.com/images/thumbs/w10thumb.jpg]
[ophysics.com/images/thumbs/w10bthumb.jpg]
[ophysics.com/images/thumbs/w11thumb.jpg]
[ophysics.com/images/thumbs/w12thumb.jpg]
[ophysics.com/images/thumbs/w13thumb.jpg]
[ophysics.com/w.html]
[ophysics.com/w0.html]
[ophysics.com/w1.html]
[ophysics.com/w1a.html]
[ophysics.com/w1b.html]
[ophysics.com/images/manysprings.gif]
[ophysics.com/images/longitudinal.gif]
[ophysics.com/waves1.html]
[latex.codecogs.com/gifc172.gif]
[ophysics.com/waves2.html]
[ophysics.com/waves2b.html]
[ophysics.com/images/fixedend.gif]
[ophysics.com/images/freeend.gif]
[ophysics.com/waves3.html]
[ophysics.com/waves3a.html]
[ophysics.com/images/pulses.gif]
[ophysics.com/waves3b.html]
[ophysics.com/waves4.html]
[ophysics.com/waves5.html]
[ophysics.com/images/string1.gif]
[ophysics.com/images/string2.gif]
[ophysics.com/images/string3.gif]
[ophysics.com/waves6.html]
[ophysics.com/images/openair1.gif]
[ophysics.com/images/openair2.gif]
[ophysics.com/images/openair3.gif]
[ophysics.com/waves7.html]
[ophysics.com/images/closedair1.gif]
[ophysics.com/images/closedair3.gif]
[ophysics.com/images/closedair5.gif]
[ophysics.com/waves8.html]
[ophysics.com/waves8b.html]
[ophysics.com/waves9.html]
[ophysics.com/images/beats.gif]
[ophysics.com/js/binaural.js]
[ophysics.com/waves10.html]
[ophysics.com/images/doppler.gif]
[ophysics.com/images/sos.gif]
[ophysics.com/images/boom.gif]
[ophysics.com/waves11.html]
[ophysics.com/w2.html]
[ophysics.com/w2a.html]
[ophysics.com/w2b.html]
[ophysics.com/w3.html]
[ophysics.com/w4.html]
[ophysics.com/w4a.html]
[ophysics.com/w5.html]
[ophysics.com/w6.html]
[ophysics.com/w7.html]
[ophysics.com/w8.html]
[ophysics.com/w9.html]
[ophysics.com/w10.html]
[ophysics.com/w10b.html]
[ophysics.com/w11.html]
[ophysics.com/w12.html]
[ophysics.com/w13.html]
[ophysics.com/images/thumbs/l1thumb.jpg]
[ophysics.com/images/thumbs/l2thumb.jpg]
[ophysics.com/images/thumbs/l3thumb.jpg]
[ophysics.com/images/thumbs/l4thumb.jpg]
[ophysics.com/images/thumbs/l5thumb.jpg]
[ophysics.com/images/thumbs/l5bthumb.jpg]
[ophysics.com/images/thumbs/l6thumb.jpg]
[ophysics.com/images/thumbs/l7thumb.jpg]
[ophysics.com/images/thumbs/l8thumb.jpg]
[ophysics.com/images/thumbs/l9thumb.jpg]
[ophysics.com/images/thumbs/l10thumb.jpg]
[ophysics.com/images/thumbs/l11thumb.jpg]
[ophysics.com/images/thumbs/l12thumb.jpg]
[ophysics.com/images/thumbs/l13thumb.jpg]
[ophysics.com/images/thumbs/l14thumb.jpg]
[ophysics.com/images/thumbs/l15thumb.jpg]
[ophysics.com/images/thumbs/l15bthumb.jpg]
[ophysics.com/images/thumbs/l16thumb.jpg]
[ophysics.com/images/thumbs/l17thumb.jpg]
[ophysics.com/images/thumbs/l18thumb.jpg]
[ophysics.com/images/thumbs/l19thumb.jpg]
[ophysics.com/images/thumbs/l20thumb.jpg]
[ophysics.com/l.html]
[ophysics.com/l1.html]
[ophysics.com/l2.html]
[ophysics.com/l3.html]
[ophysics.com/l4.html]
[ophysics.com/l5.html]
[ophysics.com/l5b.html]
[ophysics.com/l6.html]
[ophysics.com/l7.html]
[ophysics.com/l8.html]
[ophysics.com/l9.html]
[ophysics.com/l10.html]
[ophysics.com/l11.html]
[ophysics.com/l12.html]
[ophysics.com/l13.html]
[ophysics.com/l14.html]
[ophysics.com/l15.html]
[ophysics.com/l15b.html]
[ophysics.com/l16.html]
[ophysics.com/l17.html]
[ophysics.com/l18.html]
[ophysics.com/l19.html]
[ophysics.com/l20.html]
[ophysics.com/images/thumbs/em1thumb.jpg]
[ophysics.com/images/thumbs/em1athumb.jpg]
[ophysics.com/images/thumbs/em2thumb.jpg]
[ophysics.com/images/thumbs/em2athumb.jpg]
[ophysics.com/images/thumbs/em3thumb.jpg]
[ophysics.com/images/thumbs/em4thumb.jpg]
[ophysics.com/images/thumbs/em4athumb.jpg]
[ophysics.com/images/thumbs/em5thumb.jpg]
[ophysics.com/images/thumbs/em6thumb.jpg]
[ophysics.com/images/thumbs/em7thumb.jpg]
[ophysics.com/images/mag3d.jpg]
[ophysics.com/images/thumbs/em9thumb.jpg]
[ophysics.com/images/thumbs/em10thumb.jpg]
[ophysics.com/images/thumbs/em11thumb.jpg]
[ophysics.com/em.html]
[ophysics.com/em1.html]
[ophysics.com/em1a.html]
[ophysics.com/em2.html]
[ophysics.com/em2a.html]
[ophysics.com/em3.html]
[ophysics.com/em4.html]
[ophysics.com/em4a.html]
[ophysics.com/em5.html]
[ophysics.com/em6.html]
[ophysics.com/em7.html]
[ophysics.com/em8.html]
[ophysics.com/em9.html]
[ophysics.com/em10.html]
[ophysics.com/em11.html]
[ophysics.com/images/thumbs/r1athumb.jpg]
[ophysics.com/images/thumbs/r1thumb.jpg]
[ophysics.com/images/thumbs/r2thumb.jpg]
[ophysics.com/images/thumbs/r3thumb.jpg]
[ophysics.com/images/thumbs/r4thumb.jpg]
[ophysics.com/images/thumbs/r5thumb.jpg]
[ophysics.com/images/thumbs/r6thumb.jpg]
[ophysics.com/images/thumbs/r7thumb.jpg]
[ophysics.com/images/thumbs/r8thumb.jpg]
[ophysics.com/images/thumbs/r9thumb.jpg]
[ophysics.com/images/thumbs/r9athumb.jpg]
[ophysics.com/images/thumbs/r10thumb.jpg]
[ophysics.com/images/thumbs/r11thumb.jpg]
[ophysics.com/images/thumbs/r12thumb.jpg]
[ophysics.com/r.html]
[ophysics.com/r1a.html]
[ophysics.com/r1.html]
[ophysics.com/r2old.html]
[ophysics.com/r2.html]
[ophysics.com/r3.html]
[ophysics.com/r4.html]
[ophysics.com/r5.html]
[ophysics.com/r6.html]
[ophysics.com/r7.html]
[ophysics.com/r8.html]
[ophysics.com/r9.html]
[ophysics.com/r9a.html]
[ophysics.com/r10.html]
[ophysics.com/r11.html]
[ophysics.com/r12.html]
[ophysics.com/images/thumbs/fl1thumb.jpg]
[ophysics.com/images/thumbs/fl2thumb.jpg]
[ophysics.com/images/thumbs/fl3thumb.jpg]
[ophysics.com/images/thumbs/fl4thumb.jpg]
[ophysics.com/images/thumbs/fl5thumb.jpg]
[ophysics.com/fl.html]
[ophysics.com/fl1.html]
[ophysics.com/fl2.html]
[ophysics.com/fl3.html]
[ophysics.com/fl4.html]
[ophysics.com/fl5.html]
[ophysics.com/images/thumbs/m1thumb.jpg]
[ophysics.com/images/thumbs/m2thumb.jpg]
[ophysics.com/m.html]
[ophysics.com/m1.html]
[ophysics.com/m2.html]
[ophysics.com/images/thumbs/t1thumb.jpg]
[ophysics.com/images/thumbs/t2thumb.jpg]
[ophysics.com/images/thumbs/t3thumb.jpg]
[ophysics.com/images/thumbs/t4thumb.jpg]
[ophysics.com/t.html]
[ophysics.com/t1.html]
[ophysics.com/t2.html]
[ophysics.com/t3.html]
[ophysics.com/t4.html]
[ophysics.com/images/thumbs/fs1thumb.jpg]
[ophysics.com/images/thumbs/fs2thumb.jpg]
[ophysics.com/images/thumbs/fs3thumb.jpg]
[ophysics.com/images/thumbs/fs4thumb.jpg]
[ophysics.com/images/thumbs/fs5thumb.jpg]
[ophysics.com/images/thumbs/fs6thumb.jpg]
[ophysics.com/images/thumbs/fs7thumb.jpg]
[ophysics.com/images/thumbs/fs8thumb.jpg]
[ophysics.com/images/thumbs/fs9thumb.jpg]
[ophysics.com/images/thumbs/fs10thumb.jpg]
[ophysics.com/images/thumbs/fs11thumb.jpg]
[ophysics.com/fs.html]
[ophysics.com/fs1.html]
[ophysics.com/fs2.html]
[ophysics.com/fs3.html]
[ophysics.com/fs4.html]
[ophysics.com/fs5.html]
[ophysics.com/fs6.html]
[ophysics.com/fs7.html]
[ophysics.com/fs8.html]
[ophysics.com/fs8a.html]
[ophysics.com/fs9.html]
[ophysics.com/fs10.html]
[ophysics.com/fs11.html]
[ophysics.com/r2old.html]
[ophysics.com/css/style.css]
[ajax.googleapis.com/ajax/libs/jquery/1.9.1/jquery.min.js]
[ophysics.com/js/main.html]
[ophysics.com/css/style5e1f.css]
[douwe.com/projects/visited/worldc784.png]
[ophysics.com/r2old.html]
